01:22:21 [ws] INFO Connecting to wss://api.elections.kalshi.com/trade-api/ws/v2...
01:22:21 [ws] INFO ✅ Connected to Kalshi WebSocket
01:22:21 [ws] INFO Subscribed: ['fill']
01:22:21 [ws] INFO Subscribed: ['ticker', 'trade', 'orderbook_delta'] (3 markets)
11:47:41 [ws] WARNING Connection closed: no close frame received or sent
11:47:41 [ws] WARNING Reconnecting in 1s...
11:47:42 [ws] INFO Connecting to wss://api.elections.kalshi.com/trade-api/ws/v2...
11:47:42 [ws] INFO ✅ Connected to Kalshi WebSocket
11:47:42 [ws] INFO Subscribed: ['fill']
11:47:42 [ws] INFO Subscribed: ['ticker', 'trade', 'orderbook_delta'] (3 markets)
14:05:56 [ws] WARNING Connection closed: no close frame received or sent
14:05:56 [ws] WARNING Reconnecting in 1s...
14:05:57 [ws] INFO Connecting to wss://api.elections.kalshi.com/trade-api/ws/v2...
14:05:58 [ws] INFO ✅ Connected to Kalshi WebSocket
14:05:58 [ws] INFO Subscribed: ['fill']
14:05:58 [ws] INFO Subscribed: ['ticker', 'trade', 'orderbook_delta'] (3 markets)
07:29:33 [ws] WARNING Connection closed: no close frame received or sent
07:29:33 [ws] WARNING Reconnecting in 1s...
07:29:34 [ws] INFO Connecting to wss://api.elections.kalshi.com/trade-api/ws/v2...
07:29:34 [ws] INFO ✅ Connected to Kalshi WebSocket
07:29:34 [ws] INFO Subscribed: ['fill']
07:29:34 [ws] INFO Subscribed: ['ticker', 'trade', 'orderbook_delta'] (3 markets)
13:26:12 [ws] WARNING Connection closed: no close frame received or sent
13:26:12 [ws] WARNING Reconnecting in 1s...
13:26:13 [ws] INFO Connecting to wss://api.elections.kalshi.com/trade-api/ws/v2...
13:26:15 [ws] INFO ✅ Connected to Kalshi WebSocket
13:26:15 [ws] INFO Subscribed: ['fill']
13:26:15 [ws] INFO Subscribed: ['ticker', 'trade', 'orderbook_delta'] (3 markets)
14:33:48 [ws] WARNING Connection closed: no close frame received or sent
14:33:48 [ws] WARNING Reconnecting in 1s...
14:33:49 [ws] INFO Connecting to wss://api.elections.kalshi.com/trade-api/ws/v2...
14:33:50 [ws] INFO ✅ Connected to Kalshi WebSocket
14:33:50 [ws] INFO Subscribed: ['fill']
14:33:50 [ws] INFO Subscribed: ['ticker', 'trade', 'orderbook_delta'] (3 markets)
06:49:29 [ws] WARNING Connection closed: no close frame received or sent
06:49:29 [ws] WARNING Reconnecting in 1s...
06:49:30 [ws] INFO Connecting to wss://api.elections.kalshi.com/trade-api/ws/v2...
06:49:30 [ws] INFO ✅ Connected to Kalshi WebSocket
06:49:30 [ws] INFO Subscribed: ['fill']
06:49:30 [ws] INFO Subscribed: ['ticker', 'trade', 'orderbook_delta'] (3 markets)
17:25:30 [ws] WARNING Reconnecting in 1s...
17:25:30 [ws] INFO WebSocket closed
17:25:31 [ws] INFO Listener stopped
